Archive member included to satisfy reference by file (symbol)

../StdPeriphDriver\libISP583.a(ISP583.o)
                              ./StdPeriphDriver/CH58x_flash.o (FLASH_EEPROM_CMD)
c:/mounriver/mounriver_studio/toolchain/risc-v embedded gcc/bin/../lib/gcc/riscv-none-embed/8.2.0/../../../../riscv-none-embed/lib/rv32imac/ilp32\libg_nano.a(lib_a-memcpy.o)
                              ./src/app.o (memcpy)
c:/mounriver/mounriver_studio/toolchain/risc-v embedded gcc/bin/../lib/gcc/riscv-none-embed/8.2.0/../../../../riscv-none-embed/lib/rv32imac/ilp32\libg_nano.a(lib_a-printf.o)
                              ./src/oled.o (printf)
c:/mounriver/mounriver_studio/toolchain/risc-v embedded gcc/bin/../lib/gcc/riscv-none-embed/8.2.0/../../../../riscv-none-embed/lib/rv32imac/ilp32\libg_nano.a(lib_a-putchar.o)
                              ./StdPeriphDriver/CH58x_usb2hostClass.o (putchar)
c:/mounriver/mounriver_studio/toolchain/risc-v embedded gcc/bin/../lib/gcc/riscv-none-embed/8.2.0/../../../../riscv-none-embed/lib/rv32imac/ilp32\libg_nano.a(lib_a-puts.o)
                              ./src/app.o (puts)
c:/mounriver/mounriver_studio/toolchain/risc-v embedded gcc/bin/../lib/gcc/riscv-none-embed/8.2.0/../../../../riscv-none-embed/lib/rv32imac/ilp32\libg_nano.a(lib_a-sprintf.o)
                              ./src/oled.o (sprintf)
c:/mounriver/mounriver_studio/toolchain/risc-v embedded gcc/bin/../lib/gcc/riscv-none-embed/8.2.0/../../../../riscv-none-embed/lib/rv32imac/ilp32\libg_nano.a(lib_a-wbuf.o)
                              c:/mounriver/mounriver_studio/toolchain/risc-v embedded gcc/bin/../lib/gcc/riscv-none-embed/8.2.0/../../../../riscv-none-embed/lib/rv32imac/ilp32\libg_nano.a(lib_a-puts.o) (__swbuf_r)
c:/mounriver/mounriver_studio/toolchain/risc-v embedded gcc/bin/../lib/gcc/riscv-none-embed/8.2.0/../../../../riscv-none-embed/lib/rv32imac/ilp32\libg_nano.a(lib_a-wsetup.o)
                              c:/mounriver/mounriver_studio/toolchain/risc-v embedded gcc/bin/../lib/gcc/riscv-none-embed/8.2.0/../../../../riscv-none-embed/lib/rv32imac/ilp32\libg_nano.a(lib_a-puts.o) (__swsetup_r)
c:/mounriver/mounriver_studio/toolchain/risc-v embedded gcc/bin/../lib/gcc/riscv-none-embed/8.2.0/../../../../riscv-none-embed/lib/rv32imac/ilp32\libg_nano.a(lib_a-fflush.o)
                              c:/mounriver/mounriver_studio/toolchain/risc-v embedded gcc/bin/../lib/gcc/riscv-none-embed/8.2.0/../../../../riscv-none-embed/lib/rv32imac/ilp32\libg_nano.a(lib_a-wbuf.o) (_fflush_r)
c:/mounriver/mounriver_studio/toolchain/risc-v embedded gcc/bin/../lib/gcc/riscv-none-embed/8.2.0/../../../../riscv-none-embed/lib/rv32imac/ilp32\libg_nano.a(lib_a-findfp.o)
                              c:/mounriver/mounriver_studio/toolchain/risc-v embedded gcc/bin/../lib/gcc/riscv-none-embed/8.2.0/../../../../riscv-none-embed/lib/rv32imac/ilp32\libg_nano.a(lib_a-printf.o) (__sinit)
c:/mounriver/mounriver_studio/toolchain/risc-v embedded gcc/bin/../lib/gcc/riscv-none-embed/8.2.0/../../../../riscv-none-embed/lib/rv32imac/ilp32\libg_nano.a(lib_a-fwalk.o)
                              c:/mounriver/mounriver_studio/toolchain/risc-v embedded gcc/bin/../lib/gcc/riscv-none-embed/8.2.0/../../../../riscv-none-embed/lib/rv32imac/ilp32\libg_nano.a(lib_a-findfp.o) (_fwalk)
c:/mounriver/mounriver_studio/toolchain/risc-v embedded gcc/bin/../lib/gcc/riscv-none-embed/8.2.0/../../../../riscv-none-embed/lib/rv32imac/ilp32\libg_nano.a(lib_a-impure.o)
                              c:/mounriver/mounriver_studio/toolchain/risc-v embedded gcc/bin/../lib/gcc/riscv-none-embed/8.2.0/../../../../riscv-none-embed/lib/rv32imac/ilp32\libg_nano.a(lib_a-fflush.o) (_global_impure_ptr)
c:/mounriver/mounriver_studio/toolchain/risc-v embedded gcc/bin/../lib/gcc/riscv-none-embed/8.2.0/../../../../riscv-none-embed/lib/rv32imac/ilp32\libg_nano.a(lib_a-makebuf.o)
                              c:/mounriver/mounriver_studio/toolchain/risc-v embedded gcc/bin/../lib/gcc/riscv-none-embed/8.2.0/../../../../riscv-none-embed/lib/rv32imac/ilp32\libg_nano.a(lib_a-wsetup.o) (__smakebuf_r)
c:/mounriver/mounriver_studio/toolchain/risc-v embedded gcc/bin/../lib/gcc/riscv-none-embed/8.2.0/../../../../riscv-none-embed/lib/rv32imac/ilp32\libg_nano.a(lib_a-memset.o)
                              c:/mounriver/mounriver_studio/toolchain/risc-v embedded gcc/bin/../lib/gcc/riscv-none-embed/8.2.0/../../../../riscv-none-embed/lib/rv32imac/ilp32\libg_nano.a(lib_a-findfp.o) (memset)
c:/mounriver/mounriver_studio/toolchain/risc-v embedded gcc/bin/../lib/gcc/riscv-none-embed/8.2.0/../../../../riscv-none-embed/lib/rv32imac/ilp32\libg_nano.a(lib_a-nano-freer.o)
                              c:/mounriver/mounriver_studio/toolchain/risc-v embedded gcc/bin/../lib/gcc/riscv-none-embed/8.2.0/../../../../riscv-none-embed/lib/rv32imac/ilp32\libg_nano.a(lib_a-wsetup.o) (_free_r)
[...]
Memory Configuration

Name             Origin             Length             Attributes
FLASH            0x0000000000000000 0x0000000000070000 xr
RAM              0x0000000020000000 0x0000000000008000 xrw
*default*        0x0000000000000000 0xffffffffffffffff

Linker script and memory map

LOAD ./src/Main.o
LOAD ./src/app.o
LOAD ./src/fifo.o
LOAD ./src/key.o
LOAD ./src/oled.o
LOAD ./StdPeriphDriver/CH58x_adc.o
LOAD ./StdPeriphDriver/CH58x_clk.o
LOAD ./StdPeriphDriver/CH58x_flash.o
LOAD ./StdPeriphDriver/CH58x_gpio.o
LOAD ./StdPeriphDriver/CH58x_i2c.o
LOAD ./StdPeriphDriver/CH58x_pwm.o
LOAD ./StdPeriphDriver/CH58x_pwr.o
LOAD ./StdPeriphDriver/CH58x_spi0.o
LOAD ./StdPeriphDriver/CH58x_spi1.o
LOAD ./StdPeriphDriver/CH58x_sys.o
LOAD ./StdPeriphDriver/CH58x_timer0.o
LOAD ./StdPeriphDriver/CH58x_timer1.o
LOAD ./StdPeriphDriver/CH58x_timer2.o
LOAD ./StdPeriphDriver/CH58x_timer3.o
LOAD ./StdPeriphDriver/CH58x_uart0.o
LOAD ./StdPeriphDriver/CH58x_uart1.o
LOAD ./StdPeriphDriver/CH58x_usb2dev.o
LOAD ./StdPeriphDriver/CH58x_usb2hostBase.o
LOAD ./StdPeriphDriver/CH58x_usb2hostClass.o
LOAD ./StdPeriphDriver/CH58x_usbdev.o
LOAD ./Startup/startup_CH583.o
LOAD ./RVMSIS/core_riscv.o
LOAD ../StdPeriphDriver\libISP583.a
LOAD c:/mounriver/mounriver_studio/toolchain/risc-v embedded gcc/bin/../lib/gcc/riscv-none-embed/8.2.0/rv32imac/ilp32\libgcc.a
LOAD c:/mounriver/mounriver_studio/toolchain/risc-v embedded gcc/bin/../lib/gcc/riscv-none-embed/8.2.0/../../../../riscv-none-embed/lib/rv32imac/ilp32\libg_nano.a
LOAD c:/mounriver/mounriver_studio/toolchain/risc-v embedded gcc/bin/../lib/gcc/riscv-none-embed/8.2.0/../../../../riscv-none-embed/lib/rv32imac/ilp32\libc_nano.a
LOAD c:/mounriver/mounriver_studio/toolchain/risc-v embedded gcc/bin/../lib/gcc/riscv-none-embed/8.2.0/rv32imac/ilp32\libgcc.a
START GROUP
LOAD c:/mounriver/mounriver_studio/toolchain/risc-v embedded gcc/bin/../lib/gcc/riscv-none-embed/8.2.0/rv32imac/ilp32\libgcc.a
LOAD c:/mounriver/mounriver_studio/toolchain/risc-v embedded gcc/bin/../lib/gcc/riscv-none-embed/8.2.0/../../../../riscv-none-embed/lib/rv32imac/ilp32\libc_nano.a
LOAD c:/mounriver/mounriver_studio/toolchain/risc-v embedded gcc/bin/../lib/gcc/riscv-none-embed/8.2.0/../../../../riscv-none-embed/lib/rv32imac/ilp32\libnosys.a
END GROUP
START GROUP
LOAD c:/mounriver/mounriver_studio/toolchain/risc-v embedded gcc/bin/../lib/gcc/riscv-none-embed/8.2.0/rv32imac/ilp32\libgcc.a
LOAD c:/mounriver/mounriver_studio/toolchain/risc-v embedded gcc/bin/../lib/gcc/riscv-none-embed/8.2.0/../../../../riscv-none-embed/lib/rv32imac/ilp32\libc_nano.a
LOAD c:/mounriver/mounriver_studio/toolchain/risc-v embedded gcc/bin/../lib/gcc/riscv-none-embed/8.2.0/../../../../riscv-none-embed/lib/rv32imac/ilp32\libnosys.a
END GROUP

.init           0x0000000000000000        0x4
                0x0000000000000000                _sinit = .
                0x0000000000000000                . = ALIGN (0x4)
 *(SORT_NONE(.init))
 .init          0x0000000000000000        0x4 ./Startup/startup_CH583.o
                0x0000000000000000                _start
                0x0000000000000004                . = ALIGN (0x4)
                0x0000000000000004                _einit = .

.highcodelalign
                0x0000000000000004        0x0
                0x0000000000000004                . = ALIGN (0x4)
                0x0000000000000004                PROVIDE (_highcode_lma = .)

.highcode       0x0000000020000000      0xc2c load address 0x0000000000000004
                0x0000000020000000                . = ALIGN (0x4)
                0x0000000020000000                PROVIDE (_highcode_vma_start = .)
 *(.vector)
 .vector        0x0000000020000000       0x90 ./Startup/startup_CH583.o
 *(SORT_NONE(.vector_handler))
 .vector_handler
                0x0000000020000090        0x2 ./Startup/startup_CH583.o
                0x0000000020000090                GPIOB_IRQHandler
                0x0000000020000090                GPIOA_IRQHandler
                0x0000000020000090                SysTick_Handler
                0x0000000020000090                NMI_Handler
                0x0000000020000090                UART0_IRQHandler
                0x0000000020000090                BB_IRQHandler
                0x0000000020000090                Break_Point_Handler
                0x0000000020000090                TMR0_IRQHandler
                0x0000000020000090                Ecall_M_Mode_Handler
                0x0000000020000090                RTC_IRQHandler
                0x0000000020000090                UART2_IRQHandler
                0x0000000020000090                PWMX_IRQHandler
                0x0000000020000090                ADC_IRQHandler
                0x0000000020000090                TMR2_IRQHandler
                0x0000000020000090                USB_IRQHandler
                0x0000000020000090                I2C_IRQHandler
                0x0000000020000090                USB2_IRQHandler
                0x0000000020000090                LLE_IRQHandler
                0x0000000020000090                WDOG_BAT_IRQHandler
                0x0000000020000090                Ecall_U_Mode_Handler
                0x0000000020000090                TMR3_IRQHandler
                0x0000000020000090                SW_Handler
                0x0000000020000090                SPI0_IRQHandler
                0x0000000020000090                UART3_IRQHandler
 *(.highcode)
 .highcode      0x0000000020000092       0x86 ./src/Main.o
                0x0000000020000092                TMR1_IRQHandler
                0x00000000200000aa                UART1_IRQHandler
 .highcode      0x0000000020000118       0x2c ./src/app.o
                0x0000000020000118                HAL_IncTick
 .highcode      0x0000000020000144      0x1d6 ./src/key.o
                0x0000000020000144                Button_handle
                0x0000000020000232                Check_enc
 .highcode      0x000000002000031a      0x4ec ./StdPeriphDriver/CH58x_sys.o
                0x000000002000031a                SetSysClock
                0x00000000200006a0                SYS_ResetExecute
                0x0000000020000712                HardFault_Handler
                0x00000000200007d0                mDelayuS
                0x00000000200007de                mDelaymS
 .highcode      0x0000000020000806      0x426 ../StdPeriphDriver\libISP583.a(ISP583.o)
                0x0000000020000806                FLASH_ROM_BEG
                0x0000000020000818                FLASH_ROM_END
                0x0000000020000826                FLASH_ROM_IN
                0x0000000020000834                FLASH_ROM_OUT
                0x0000000020000842                FLASH_ROM_ADDR
                0x000000002000088a                FLASH_ROM_WAIT
                0x00000000200008c2                FLASH_EEPROM_CMD
 *(.highcode.*)
                0x0000000020000c2c                . = ALIGN (0x4)
                0x0000000020000c2c                PROVIDE (_highcode_vma_end = .)

.text           0x0000000000000c30     0x4964
                0x0000000000000c30                . = ALIGN (0x4)
 *(SORT_NONE(.handle_reset))
 .handle_reset  0x0000000000000c30       0xae ./Startup/startup_CH583.o
                0x0000000000000c30                handle_reset
 *(.text)
 .text          0x0000000000000cde       0xa8 c:/mounriver/mounriver_studio/toolchain/risc-v embedded gcc/bin/../lib/gcc/riscv-none-embed/8.2.0/../../../../riscv-none-embed/lib/rv32imac/ilp32\libg_nano.a(lib_a-memset.o)
                0x0000000000000cde                memset
 *(.text.*)
 .text.startup.main
                0x0000000000000d86        0xa ./src/Main.o
                0x0000000000000d86                main
 .text.app_uart_tx_data
                0x0000000000000d90       0x1e ./src/app.o
                0x0000000000000d90                app_uart_tx_data
 .text.crc16_calc
                0x0000000000000dae       0x4a ./src/app.o
                0x0000000000000dae                crc16_calc
 .text.parsePacket
                0x0000000000000df8       0xb0 ./src/app.o
                0x0000000000000df8                parsePacket
 .text.app_uart_process
                0x0000000000000ea8       0x68 ./src/app.o
                0x0000000000000ea8                app_uart_process
 .text.system_init
                0x0000000000000f10       0xf4 ./src/app.o
                0x0000000000000f10                system_init
 .text.main_init
                0x0000000000001004       0x24 ./src/app.o
                0x0000000000001004                main_init
 .text.main_loop
                0x0000000000001028      0x1c8 ./src/app.o
                0x0000000000001028                main_loop
 .text.app_drv_fifo_init
                0x00000000000011f0       0x26 ./src/fifo.o
                0x00000000000011f0                app_drv_fifo_init
 .text.app_drv_fifo_write
                0x0000000000001216       0x72 ./src/fifo.o
                0x0000000000001216                app_drv_fifo_write
 .text.app_drv_fifo_write_from_same_addr
                0x0000000000001288       0x60 ./src/fifo.o
                0x0000000000001288                app_drv_fifo_write_from_same_addr
 .text.app_drv_fifo_read
                0x00000000000012e8       0x62 ./src/fifo.o
                0x00000000000012e8                app_drv_fifo_read
 .text.app_drv_fifo_read_to_same_addr
                0x000000000000134a       0x4e ./src/fifo.o
                0x000000000000134a                app_drv_fifo_read_to_same_addr
 .text.Key_Init
                0x0000000000001398       0x2e ./src/key.o
                0x0000000000001398                Key_Init
 .text.OLED_WR_Byte
                0x00000000000013c6       0x5e ./src/oled.o
                0x00000000000013c6                OLED_WR_Byte
 .text.OLED_Refresh_Gram
                0x0000000000001424       0xe0 ./src/oled.o
                0x0000000000001424                OLED_Refresh_Gram
 .text.OLED_SetDir
                0x0000000000001504       0x52 ./src/oled.o
                0x0000000000001504                OLED_SetDir
 .text.OLED_Clear
                0x0000000000001556       0x2e ./src/oled.o
                0x0000000000001556                OLED_Clear
 .text.OLED_DrawPoint
                0x0000000000001584       0x60 ./src/oled.o
                0x0000000000001584                OLED_DrawPoint
 .text.OLED_Show_Picture
                0x00000000000015e4      0x3de ./src/oled.o
                0x00000000000015e4                OLED_Show_Picture
 .text.Display_String
                0x00000000000019c2      0x154 ./src/oled.o
                0x00000000000019c2                Display_String
 .text.oled_menu_handle
                0x0000000000001b16       0xd6 ./src/oled.o
                0x0000000000001b16                oled_menu_handle
 .text.Time_Display
                0x0000000000001bec      0x584 ./src/oled.o
                0x0000000000001bec                Time_Display
 .text.OLED_Init
                0x0000000000002170      0x20a ./src/oled.o
                0x0000000000002170                OLED_Init
 .text.ADC_DataCalib_Rough
                0x000000000000237a       0x8e ./StdPeriphDriver/CH58x_adc.o
                0x000000000000237a                ADC_DataCalib_Rough
 .text.ADC_ExtSingleChSampInit
                0x0000000000002408       0x24 ./StdPeriphDriver/CH58x_adc.o
                0x0000000000002408                ADC_ExtSingleChSampInit
 .text.ADC_ExcutSingleConver
                0x000000000000242c       0x20 ./StdPeriphDriver/CH58x_adc.o
                0x000000000000242c                ADC_ExcutSingleConver
 .text.GPIOA_ModeCfg
                0x000000000000244c       0xa6 ./StdPeriphDriver/CH58x_gpio.o
                0x000000000000244c                GPIOA_ModeCfg
 .text.GPIOB_ModeCfg
                0x00000000000024f2       0xa6 ./StdPeriphDriver/CH58x_gpio.o
                0x00000000000024f2                GPIOB_ModeCfg
 .text.SPI0_DataMode
                0x0000000000002598       0x6a ./StdPeriphDriver/CH58x_spi0.o
                0x0000000000002598                SPI0_DataMode
 .text.SPI0_MasterSendByte
                0x0000000000002602       0x24 ./StdPeriphDriver/CH58x_spi0.o
                0x0000000000002602                SPI0_MasterSendByte
 .text.GetSysClock
                0x0000000000002626       0x42 ./StdPeriphDriver/CH58x_sys.o
                0x0000000000002626                GetSysClock
 .text._write   0x0000000000002668       0x28 ./StdPeriphDriver/CH58x_sys.o
                0x0000000000002668                _write
 .text.TMR1_TimerInit
                0x0000000000002690       0x16 ./StdPeriphDriver/CH58x_timer1.o
                0x0000000000002690                TMR1_TimerInit
 .text.UART1_BaudRateCfg
                0x00000000000026a6       0x30 ./StdPeriphDriver/CH58x_uart1.o
                0x00000000000026a6                UART1_BaudRateCfg
 .text.UART1_DefInit
                0x00000000000026d6       0x32 ./StdPeriphDriver/CH58x_uart1.o
                0x00000000000026d6                UART1_DefInit
 .text.UART1_ByteTrigCfg
                0x0000000000002708       0x1a ./StdPeriphDriver/CH58x_uart1.o
                0x0000000000002708                UART1_ByteTrigCfg
 .text.UART1_INTCfg
                0x0000000000002722       0x2a ./StdPeriphDriver/CH58x_uart1.o
                0x0000000000002722                UART1_INTCfg
 .text.memcpy   0x000000000000274c       0xb6 c:/mounriver/mounriver_studio/toolchain/risc-v embedded gcc/bin/../lib/gcc/riscv-none-embed/8.2.0/../../../../riscv-none-embed/lib/rv32imac/ilp32\libg_nano.a(lib_a-memcpy.o)
                0x000000000000274c                memcpy
 .text.printf   0x0000000000002802       0x40 c:/mounriver/mounriver_studio/toolchain/risc-v embedded gcc/bin/../lib/gcc/riscv-none-embed/8.2.0/../../../../riscv-none-embed/lib/rv32imac/ilp32\libg_nano.a(lib_a-printf.o)
                0x0000000000002802                iprintf
                0x0000000000002802                printf
 .text._puts_r  0x0000000000002842       0xda c:/mounriver/mounriver_studio/toolchain/risc-v embedded gcc/bin/../lib/gcc/riscv-none-embed/8.2.0/../../../../riscv-none-embed/lib/rv32imac/ilp32\libg_nano.a(lib_a-puts.o)
                0x0000000000002842                _puts_r
 .text.puts     0x000000000000291c        0xa c:/mounriver/mounriver_studio/toolchain/risc-v embedded gcc/bin/../lib/gcc/riscv-none-embed/8.2.0/../../../../riscv-none-embed/lib/rv32imac/ilp32\libg_nano.a(lib_a-puts.o)
                0x000000000000291c                puts
 .text.sprintf  0x0000000000002926       0x46 c:/mounriver/mounriver_studio/toolchain/risc-v embedded gcc/bin/../lib/gcc/riscv-none-embed/8.2.0/../../../../riscv-none-embed/lib/rv32imac/ilp32\libg_nano.a(lib_a-sprintf.o)
                0x0000000000002926                siprintf
                0x0000000000002926                sprintf
 .text.__swbuf_r
                0x000000000000296c       0xc0 c:/mounriver/mounriver_studio/toolchain/risc-v embedded gcc/bin/../lib/gcc/riscv-none-embed/8.2.0/../../../../riscv-none-embed/lib/rv32imac/ilp32\libg_nano.a(lib_a-wbuf.o)
                0x000000000000296c                __swbuf_r
 .text.__swsetup_r
                0x0000000000002a2c      0x10c c:/mounriver/mounriver_studio/toolchain/risc-v embedded gcc/bin/../lib/gcc/riscv-none-embed/8.2.0/../../../../riscv-none-embed/lib/rv32imac/ilp32\libg_nano.a(lib_a-wsetup.o)
                0x0000000000002a2c                __swsetup_r
 .text.__sflush_r
                0x0000000000002b38      0x13c c:/mounriver/mounriver_studio/toolchain/risc-v embedded gcc/bin/../lib/gcc/riscv-none-embed/8.2.0/../../../../riscv-none-embed/lib/rv32imac/ilp32\libg_nano.a(lib_a-fflush.o)
                0x0000000000002b38                __sflush_r
 .text._fflush_r
                0x0000000000002c74       0x64 c:/mounriver/mounriver_studio/toolchain/risc-v embedded gcc/bin/../lib/gcc/riscv-none-embed/8.2.0/../../../../riscv-none-embed/lib/rv32imac/ilp32\libg_nano.a(lib_a-fflush.o)
                0x0000000000002c74                _fflush_r
 .text.std      0x0000000000002cd8       0x6a c:/mounriver/mounriver_studio/toolchain/risc-v embedded gcc/bin/../lib/gcc/riscv-none-embed/8.2.0/../../../../riscv-none-embed/lib/rv32imac/ilp32\libg_nano.a(lib_a-findfp.o)
 .text._cleanup_r
                0x0000000000002d42        0xa c:/mounriver/mounriver_studio/toolchain/risc-v embedded gcc/bin/../lib/gcc/riscv-none-embed/8.2.0/../../../../riscv-none-embed/lib/rv32imac/ilp32\libg_nano.a(lib_a-findfp.o)
                0x0000000000002d42                _cleanup_r
 .text.__sfmoreglue
                0x0000000000002d4c       0x46 c:/mounriver/mounriver_studio/toolchain/risc-v embedded gcc/bin/../lib/gcc/riscv-none-embed/8.2.0/../../../../riscv-none-embed/lib/rv32imac/ilp32\libg_nano.a(lib_a-findfp.o)
                0x0000000000002d4c                __sfmoreglue
 .text.__sinit  0x0000000000002d92       0x6a c:/mounriver/mounriver_studio/toolchain/risc-v embedded gcc/bin/../lib/gcc/riscv-none-embed/8.2.0/../../../../riscv-none-embed/lib/rv32imac/ilp32\libg_nano.a(lib_a-findfp.o)
                0x0000000000002d92                __sinit
 .text.__sfp    0x0000000000002dfc       0xa0 c:/mounriver/mounriver_studio/toolchain/risc-v embedded gcc/bin/../lib/gcc/riscv-none-embed/8.2.0/../../../../riscv-none-embed/lib/rv32imac/ilp32\libg_nano.a(lib_a-findfp.o)
                0x0000000000002dfc                __sfp
 .text._fwalk_reent
                0x0000000000002e9c       0x6c c:/mounriver/mounriver_studio/toolchain/risc-v embedded gcc/bin/../lib/gcc/riscv-none-embed/8.2.0/../../../../riscv-none-embed/lib/rv32imac/ilp32\libg_nano.a(lib_a-fwalk.o)
                0x0000000000002e9c                _fwalk_reent
 .text.__swhatbuf_r
                0x0000000000002f08       0x5a c:/mounriver/mounriver_studio/toolchain/risc-v embedded gcc/bin/../lib/gcc/riscv-none-embed/8.2.0/../../../../riscv-none-embed/lib/rv32imac/ilp32\libg_nano.a(lib_a-makebuf.o)
                0x0000000000002f08                __swhatbuf_r
 .text.__smakebuf_r
                0x0000000000002f62       0x9e c:/mounriver/mounriver_studio/toolchain/risc-v embedded gcc/bin/../lib/gcc/riscv-none-embed/8.2.0/../../../../riscv-none-embed/lib/rv32imac/ilp32\libg_nano.a(lib_a-makebuf.o)
                0x0000000000002f62                __smakebuf_r
 .text._free_r  0x0000000000003000       0xa8 c:/mounriver/mounriver_studio/toolchain/risc-v embedded gcc/bin/../lib/gcc/riscv-none-embed/8.2.0/../../../../riscv-none-embed/lib/rv32imac/ilp32\libg_nano.a(lib_a-nano-freer.o)
                0x0000000000003000                _free_r
 .text._malloc_r
                0x00000000000030a8       0xda c:/mounriver/mounriver_studio/toolchain/risc-v embedded gcc/bin/../lib/gcc/riscv-none-embed/8.2.0/../../../../riscv-none-embed/lib/rv32imac/ilp32\libg_nano.a(lib_a-nano-mallocr.o)
                0x00000000000030a8                _malloc_r
 .text.__ssputs_r
                0x0000000000003182       0xea c:/mounriver/mounriver_studio/toolchain/risc-v embedded gcc/bin/../lib/gcc/riscv-none-embed/8.2.0/../../../../riscv-none-embed/lib/rv32imac/ilp32\libg_nano.a(lib_a-nano-svfprintf.o)
                0x0000000000003182                __ssputs_r
 .text._svfprintf_r
                0x000000000000326c      0x27c c:/mounriver/mounriver_studio/toolchain/risc-v embedded gcc/bin/../lib/gcc/riscv-none-embed/8.2.0/../../../../riscv-none-embed/lib/rv32imac/ilp32\libg_nano.a(lib_a-nano-svfprintf.o)
                0x000000000000326c                _svfiprintf_r
                0x000000000000326c                _svfprintf_r
 .text.__sfputc_r
                0x00000000000034e8       0x2a c:/mounriver/mounriver_studio/toolchain/risc-v embedded gcc/bin/../lib/gcc/riscv-none-embed/8.2.0/../../../../riscv-none-embed/lib/rv32imac/ilp32\libg_nano.a(lib_a-nano-vfprintf.o)
 .text.__sfputs_r
                0x0000000000003512       0x42 c:/mounriver/mounriver_studio/toolchain/risc-v embedded gcc/bin/../lib/gcc/riscv-none-embed/8.2.0/../../../../riscv-none-embed/lib/rv32imac/ilp32\libg_nano.a(lib_a-nano-vfprintf.o)
                0x0000000000003512                __sfputs_r
 .text._vfprintf_r
                0x0000000000003554      0x29a c:/mounriver/mounriver_studio/toolchain/risc-v embedded gcc/bin/../lib/gcc/riscv-none-embed/8.2.0/../../../../riscv-none-embed/lib/rv32imac/ilp32\libg_nano.a(lib_a-nano-vfprintf.o)
                0x0000000000003554                _vfprintf_r
                0x0000000000003554                _vfiprintf_r
 .text._printf_common
                0x00000000000037ee      0x10c c:/mounriver/mounriver_studio/toolchain/risc-v embedded gcc/bin/../lib/gcc/riscv-none-embed/8.2.0/../../../../riscv-none-embed/lib/rv32imac/ilp32\libg_nano.a(lib_a-nano-vfprintf_i.o)
                0x00000000000037ee                _printf_common
 .text._printf_i
                0x00000000000038fa      0x2a8 c:/mounriver/mounriver_studio/toolchain/risc-v embedded gcc/bin/../lib/gcc/riscv-none-embed/8.2.0/../../../../riscv-none-embed/lib/rv32imac/ilp32\libg_nano.a(lib_a-nano-vfprintf_i.o)
                0x00000000000038fa                _printf_i
 .text._sbrk_r  0x0000000000003ba2       0x30 c:/mounriver/mounriver_studio/toolchain/risc-v embedded gcc/bin/../lib/gcc/riscv-none-embed/8.2.0/../../../../riscv-none-embed/lib/rv32imac/ilp32\libg_nano.a(lib_a-sbrkr.o)
                0x0000000000003ba2                _sbrk_r
 .text.__sread  0x0000000000003bd2       0x30 c:/mounriver/mounriver_studio/toolchain/risc-v embedded gcc/bin/../lib/gcc/riscv-none-embed/8.2.0/../../../../riscv-none-embed/lib/rv32imac/ilp32\libg_nano.a(lib_a-stdio.o)
                0x0000000000003bd2                __sread
 .text.__swrite
                0x0000000000003c02       0x4e c:/mounriver/mounriver_studio/toolchain/risc-v embedded gcc/bin/../lib/gcc/riscv-none-embed/8.2.0/../../../../riscv-none-embed/lib/rv32imac/ilp32\libg_nano.a(lib_a-stdio.o)
                0x0000000000003c02                __swrite
 .text.__sseek  0x0000000000003c50       0x36 c:/mounriver/mounriver_studio/toolchain/risc-v embedded gcc/bin/../lib/gcc/riscv-none-embed/8.2.0/../../../../riscv-none-embed/lib/rv32imac/ilp32\libg_nano.a(lib_a-stdio.o)
                0x0000000000003c50                __sseek
 .text.__sclose
                0x0000000000003c86        0x6 c:/mounriver/mounriver_studio/toolchain/risc-v embedded gcc/bin/../lib/gcc/riscv-none-embed/8.2.0/../../../../riscv-none-embed/lib/rv32imac/ilp32\libg_nano.a(lib_a-stdio.o)
                0x0000000000003c86                __sclose
 .text._write_r
                0x0000000000003c8c       0x36 c:/mounriver/mounriver_studio/toolchain/risc-v embedded gcc/bin/../lib/gcc/riscv-none-embed/8.2.0/../../../../riscv-none-embed/lib/rv32imac/ilp32\libg_nano.a(lib_a-writer.o)
                0x0000000000003c8c                _write_r
 .text._close_r
                0x0000000000003cc2       0x30 c:/mounriver/mounriver_studio/toolchain/risc-v embedded gcc/bin/../lib/gcc/riscv-none-embed/8.2.0/../../../../riscv-none-embed/lib/rv32imac/ilp32\libg_nano.a(lib_a-closer.o)
                0x0000000000003cc2                _close_r
 .text._fstat_r
                0x0000000000003cf2       0x32 c:/mounriver/mounriver_studio/toolchain/risc-v embedded gcc/bin/../lib/gcc/riscv-none-embed/8.2.0/../../../../riscv-none-embed/lib/rv32imac/ilp32\libg_nano.a(lib_a-fstatr.o)
                0x0000000000003cf2                _fstat_r
 .text._isatty_r
                0x0000000000003d24       0x30 c:/mounriver/mounriver_studio/toolchain/risc-v embedded gcc/bin/../lib/gcc/riscv-none-embed/8.2.0/../../../../riscv-none-embed/lib/rv32imac/ilp32\libg_nano.a(lib_a-isattyr.o)
                0x0000000000003d24                _isatty_r
 .text._lseek_r
                0x0000000000003d54       0x34 c:/mounriver/mounriver_studio/toolchain/risc-v embedded gcc/bin/../lib/gcc/riscv-none-embed/8.2.0/../../../../riscv-none-embed/lib/rv32imac/ilp32\libg_nano.a(lib_a-lseekr.o)
                0x0000000000003d54                _lseek_r
 .text.memchr   0x0000000000003d88       0x1a c:/mounriver/mounriver_studio/toolchain/risc-v embedded gcc/bin/../lib/gcc/riscv-none-embed/8.2.0/../../../../riscv-none-embed/lib/rv32imac/ilp32\libg_nano.a(lib_a-memchr.o)
                0x0000000000003d88                memchr
 .text.memmove  0x0000000000003da2       0x4a c:/mounriver/mounriver_studio/toolchain/risc-v embedded gcc/bin/../lib/gcc/riscv-none-embed/8.2.0/../../../../riscv-none-embed/lib/rv32imac/ilp32\libg_nano.a(lib_a-memmove.o)
                0x0000000000003da2                memmove
 .text.__malloc_lock
                0x0000000000003dec        0x2 c:/mounriver/mounriver_studio/toolchain/risc-v embedded gcc/bin/../lib/gcc/riscv-none-embed/8.2.0/../../../../riscv-none-embed/lib/rv32imac/ilp32\libg_nano.a(lib_a-mlock.o)
                0x0000000000003dec                __malloc_lock
 .text.__malloc_unlock
                0x0000000000003dee        0x2 c:/mounriver/mounriver_studio/toolchain/risc-v embedded gcc/bin/../lib/gcc/riscv-none-embed/8.2.0/../../../../riscv-none-embed/lib/rv32imac/ilp32\libg_nano.a(lib_a-mlock.o)
                0x0000000000003dee                __malloc_unlock
 .text._realloc_r
                0x0000000000003df0       0x58 c:/mounriver/mounriver_studio/toolchain/risc-v embedded gcc/bin/../lib/gcc/riscv-none-embed/8.2.0/../../../../riscv-none-embed/lib/rv32imac/ilp32\libg_nano.a(lib_a-nano-reallocr.o)
                0x0000000000003df0                _realloc_r
 .text._read_r  0x0000000000003e48       0x34 c:/mounriver/mounriver_studio/toolchain/risc-v embedded gcc/bin/../lib/gcc/riscv-none-embed/8.2.0/../../../../riscv-none-embed/lib/rv32imac/ilp32\libg_nano.a(lib_a-readr.o)
                0x0000000000003e48                _read_r
 .text._malloc_usable_size_r
                0x0000000000003e7c       0x14 c:/mounriver/mounriver_studio/toolchain/risc-v embedded gcc/bin/../lib/gcc/riscv-none-embed/8.2.0/../../../../riscv-none-embed/lib/rv32imac/ilp32\libg_nano.a(lib_a-nano-msizer.o)
                0x0000000000003e7c                _malloc_usable_size_r
 .text._close   0x0000000000003e90       0x10 c:/mounriver/mounriver_studio/toolchain/risc-v embedded gcc/bin/../lib/gcc/riscv-none-embed/8.2.0/../../../../riscv-none-embed/lib/rv32imac/ilp32\libnosys.a(close.o)
                0x0000000000003e90                _close
 .text._fstat   0x0000000000003ea0       0x10 c:/mounriver/mounriver_studio/toolchain/risc-v embedded gcc/bin/../lib/gcc/riscv-none-embed/8.2.0/../../../../riscv-none-embed/lib/rv32imac/ilp32\libnosys.a(fstat.o)
                0x0000000000003ea0                _fstat
 .text._isatty  0x0000000000003eb0       0x10 c:/mounriver/mounriver_studio/toolchain/risc-v embedded gcc/bin/../lib/gcc/riscv-none-embed/8.2.0/../../../../riscv-none-embed/lib/rv32imac/ilp32\libnosys.a(isatty.o)
                0x0000000000003eb0                _isatty
 .text._lseek   0x0000000000003ec0       0x10 c:/mounriver/mounriver_studio/toolchain/risc-v embedded gcc/bin/../lib/gcc/riscv-none-embed/8.2.0/../../../../riscv-none-embed/lib/rv32imac/ilp32\libnosys.a(lseek.o)
                0x0000000000003ec0                _lseek
 .text._read    0x0000000000003ed0       0x10 c:/mounriver/mounriver_studio/toolchain/risc-v embedded gcc/bin/../lib/gcc/riscv-none-embed/8.2.0/../../../../riscv-none-embed/lib/rv32imac/ilp32\libnosys.a(read.o)
                0x0000000000003ed0                _read
 .text._sbrk    0x0000000000003ee0       0x24 c:/mounriver/mounriver_studio/toolchain/risc-v embedded gcc/bin/../lib/gcc/riscv-none-embed/8.2.0/../../../../riscv-none-embed/lib/rv32imac/ilp32\libnosys.a(sbrk.o)
                0x0000000000003ee0                _sbrk
 *(.rodata)
 *(.rodata*)
 .rodata.main_init.str1.4
                0x0000000000003f04        0xf ./src/app.o
 *fill*         0x0000000000003f13        0x1 
 .rodata.main_loop.str1.4
                0x0000000000003f14       0x3d ./src/app.o
 *fill*         0x0000000000003f51        0x3 
 .rodata.parsePacket.str1.4
                0x0000000000003f54       0x2d ./src/app.o
 *fill*         0x0000000000003f81        0x3 
 .rodata.s_crchi
                0x0000000000003f84      0x100 ./src/app.o
 .rodata.s_crclo
                0x0000000000004084      0x100 ./src/app.o
                0x0000000000004084                s_crclo
 .rodata.OLED_Show_Picture.str1.4
                0x0000000000004184       0x15 ./src/oled.o
 *fill*         0x0000000000004199        0x3 
 .rodata.Time_Display.str1.4
                0x000000000000419c       0x19 ./src/oled.o
 *fill*         0x00000000000041b5        0x3 
 .rodata.font_16_16_desc
                0x00000000000041b8       0x18 ./src/oled.o
                0x00000000000041b8                font_16_16_desc
 .rodata.font_16_16_song_chin_index
                0x00000000000041d0       0x3b ./src/oled.o
                0x00000000000041d0                font_16_16_song_chin_index
 *fill*         0x000000000000420b        0x1 
 .rodata.font_16_16_song_chin_tab
                0x000000000000420c      0x3a0 ./src/oled.o
                0x000000000000420c                font_16_16_song_chin_tab
 .rodata.font_16_8_song_eng_tab
                0x00000000000045ac      0x5f0 ./src/oled.o
                0x00000000000045ac                font_16_8_song_eng_tab
 .rodata.font_32_16_zkqk_num_tab
                0x0000000000004b9c      0x280 ./src/oled.o
                0x0000000000004b9c                font_32_16_zkqk_num_tab
 .rodata.font_44_22_zkqk_num_tab
                0x0000000000004e1c      0x528 ./src/oled.o
                0x0000000000004e1c                font_44_22_zkqk_num_tab
 .rodata.img_mh_tab
                0x0000000000005344       0x2c ./src/oled.o
                0x0000000000005344                img_mh_tab
 .rodata.str1.4
                0x0000000000005370      0x15b ./src/oled.o
 *fill*         0x00000000000054cb        0x1 
 .rodata.GPIOA_ModeCfg
                0x00000000000054cc       0x14 ./StdPeriphDriver/CH58x_gpio.o
 .rodata.GPIOB_ModeCfg
                0x00000000000054e0       0x14 ./StdPeriphDriver/CH58x_gpio.o
 .rodata.__sf_fake_stderr
                0x00000000000054f4       0x20 c:/mounriver/mounriver_studio/toolchain/risc-v embedded gcc/bin/../lib/gcc/riscv-none-embed/8.2.0/../../../../riscv-none-embed/lib/rv32imac/ilp32\libg_nano.a(lib_a-findfp.o)
                0x00000000000054f4                __sf_fake_stderr
 .rodata.__sf_fake_stdin
                0x0000000000005514       0x20 c:/mounriver/mounriver_studio/toolchain/risc-v embedded gcc/bin/../lib/gcc/riscv-none-embed/8.2.0/../../../../riscv-none-embed/lib/rv32imac/ilp32\libg_nano.a(lib_a-findfp.o)
                0x0000000000005514                __sf_fake_stdin
 .rodata.__sf_fake_stdout
                0x0000000000005534       0x20 c:/mounriver/mounriver_studio/toolchain/risc-v embedded gcc/bin/../lib/gcc/riscv-none-embed/8.2.0/../../../../riscv-none-embed/lib/rv32imac/ilp32\libg_nano.a(lib_a-findfp.o)
                0x0000000000005534                __sf_fake_stdout
 .rodata._svfprintf_r.str1.4
                0x0000000000005554       0x13 c:/mounriver/mounriver_studio/toolchain/risc-v embedded gcc/bin/../lib/gcc/riscv-none-embed/8.2.0/../../../../riscv-none-embed/lib/rv32imac/ilp32\libg_nano.a(lib_a-nano-svfprintf.o)
 .rodata._vfprintf_r.str1.4
                0x0000000000005567       0x13 c:/mounriver/mounriver_studio/toolchain/risc-v embedded gcc/bin/../lib/gcc/riscv-none-embed/8.2.0/../../../../riscv-none-embed/lib/rv32imac/ilp32\libg_nano.a(lib_a-nano-vfprintf.o)
 *fill*         0x0000000000005567        0x1 
 .rodata._printf_i.str1.4
                0x0000000000005568       0x28 c:/mounriver/mounriver_studio/toolchain/risc-v embedded gcc/bin/../lib/gcc/riscv-none-embed/8.2.0/../../../../riscv-none-embed/lib/rv32imac/ilp32\libg_nano.a(lib_a-nano-vfprintf_i.o)
                                         0x25 (size before relaxing)
 *(.sdata2.*)
 .sdata2._global_impure_ptr
                0x0000000000005590        0x4 c:/mounriver/mounriver_studio/toolchain/risc-v embedded gcc/bin/../lib/gcc/riscv-none-embed/8.2.0/../../../../riscv-none-embed/lib/rv32imac/ilp32\libg_nano.a(lib_a-impure.o)
                0x0000000000005590                _global_impure_ptr
 *(.glue_7)
 *(.glue_7t)
 *(.gnu.linkonce.t.*)
                0x0000000000005594                . = ALIGN (0x4)

.rela.dyn       0x0000000000005594        0x0
 .rela.init     0x0000000000005594        0x0 ./src/Main.o
 .rela.vector   0x0000000000005594        0x0 ./src/Main.o
 .rela.handle_reset
                0x0000000000005594        0x0 ./src/Main.o
 .rela.text._svfprintf_r
                0x0000000000005594        0x0 ./src/Main.o
 .rela.text._vfprintf_r
                0x0000000000005594        0x0 ./src/Main.o
 .rela.text._sbrk_r
                0x0000000000005594        0x0 ./src/Main.o
 .rela.text._write_r
                0x0000000000005594        0x0 ./src/Main.o
 .rela.text._close_r
                0x0000000000005594        0x0 ./src/Main.o
 .rela.text._fstat_r
                0x0000000000005594        0x0 ./src/Main.o
 .rela.text._isatty_r
                0x0000000000005594        0x0 ./src/Main.o
 .rela.text._lseek_r
                0x0000000000005594        0x0 ./src/Main.o
 .rela.text._read_r
                0x0000000000005594        0x0 ./src/Main.o
 .rela.text._close
                0x0000000000005594        0x0 ./src/Main.o
 .rela.text._fstat
                0x0000000000005594        0x0 ./src/Main.o
 .rela.text._isatty
                0x0000000000005594        0x0 ./src/Main.o
 .rela.text._lseek
                0x0000000000005594        0x0 ./src/Main.o
 .rela.text._read
                0x0000000000005594        0x0 ./src/Main.o
 .rela.text._sbrk
                0x0000000000005594        0x0 ./src/Main.o

.fini           0x0000000000005594        0x0
 *(SORT_NONE(.fini))
                0x0000000000005594                . = ALIGN (0x4)
                [!provide]                        PROVIDE (_etext = .)
                [!provide]                        PROVIDE (_eitcm = .)

.preinit_array  0x0000000000005594        0x0
                [!provide]                        PROVIDE (__preinit_array_start = .)
 *(.preinit_array)
                [!provide]                        PROVIDE (__preinit_array_end = .)

.init_array     0x0000000000005594        0x0
                [!provide]                        PROVIDE (__init_array_start = .)
 *(SORT_BY_INIT_PRIORITY(.init_array.*) SORT_BY_INIT_PRIORITY(.ctors.*))
 *(.init_array EXCLUDE_FILE(*crtend?.o *crtend.o *crtbegin?.o *crtbegin.o) .ctors)
                [!provide]                        PROVIDE (__init_array_end = .)

.fini_array     0x0000000000005594        0x0
                [!provide]                        PROVIDE (__fini_array_start = .)
 *(SORT_BY_INIT_PRIORITY(.fini_array.*) SORT_BY_INIT_PRIORITY(.dtors.*))
 *(.fini_array EXCLUDE_FILE(*crtend?.o *crtend.o *crtbegin?.o *crtbegin.o) .dtors)
                [!provide]                        PROVIDE (__fini_array_end = .)

.ctors
 *crtbegin.o(.ctors)
 *crtbegin?.o(.ctors)
 *(EXCLUDE_FILE(*crtend?.o *crtend.o) .ctors)
 *(SORT_BY_NAME(.ctors.*))
 *(.ctors)

.dtors
 *crtbegin.o(.dtors)
 *crtbegin?.o(.dtors)
 *(EXCLUDE_FILE(*crtend?.o *crtend.o) .dtors)
 *(SORT_BY_NAME(.dtors.*))
 *(.dtors)

.dalign         0x0000000020000c2c        0x0 load address 0x0000000000005594
                0x0000000020000c2c                . = (ORIGIN (RAM) + MAX (0x800, SIZEOF (.highcode)))

.dlalign        0x0000000000005594        0x0
                0x0000000000005594                . = ALIGN (0x4)
                0x0000000000005594                PROVIDE (_data_lma = .)

.data           0x0000000020000c2c       0xc4 load address 0x0000000000005594
                0x0000000020000c2c                . = ALIGN (0x4)
                0x0000000020000c2c                PROVIDE (_data_vma = .)
 *(.gnu.linkonce.r.*)
 *(.data .data.*)
 .data.Timer_Task_Tick
                0x0000000020000c2c       0x14 ./src/app.o
                0x0000000020000c2c                Timer_Task_Tick
 .data.menu_des
                0x0000000020000c40       0x14 ./src/oled.o
                0x0000000020000c40                menu_des
 .data.menu_main
                0x0000000020000c54       0x28 ./src/oled.o
                0x0000000020000c54                menu_main
 .data.impure_data
                0x0000000020000c7c       0x60 c:/mounriver/mounriver_studio/toolchain/risc-v embedded gcc/bin/../lib/gcc/riscv-none-embed/8.2.0/../../../../riscv-none-embed/lib/rv32imac/ilp32\libg_nano.a(lib_a-impure.o)
 *(.gnu.linkonce.d.*)
                0x0000000020000ce0                . = ALIGN (0x8)
 *fill*         0x0000000020000cdc        0x4 
                0x00000000200014e0                PROVIDE (__global_pointer$ = (. + 0x800))
 *(.sdata .sdata.*)
 .sdata.ENC_TAB
                0x0000000020000ce0        0x4 ./src/key.o
                0x0000000020000ce0                ENC_TAB
 .sdata.screen_des
                0x0000000020000ce4        0x2 ./src/oled.o
                0x0000000020000ce4                screen_des
 *fill*         0x0000000020000ce6        0x2 
 .sdata._impure_ptr
                0x0000000020000ce8        0x4 c:/mounriver/mounriver_studio/toolchain/risc-v embedded gcc/bin/../lib/gcc/riscv-none-embed/8.2.0/../../../../riscv-none-embed/lib/rv32imac/ilp32\libg_nano.a(lib_a-impure.o)
                0x0000000020000ce8                _impure_ptr
 *(.gnu.linkonce.s.*)
                0x0000000020000cf0                . = ALIGN (0x8)
 *fill*         0x0000000020000cec        0x4 
 *(.srodata.cst16)
 *(.srodata.cst8)
 *(.srodata.cst4)
 *(.srodata.cst2)
 *(.srodata .srodata.*)
                0x0000000020000cf0                . = ALIGN (0x4)
                0x0000000020000cf0                PROVIDE (_edata = .)

.bss            0x0000000020000cf0     0x2238 load address 0x0000000000005658
                0x0000000020000cf0                . = ALIGN (0x4)
                0x0000000020000cf0                PROVIDE (_sbss = .)
 *(.sbss*)
 .sbss.RoughCalib_Value
                0x0000000020000cf0        0x2 ./src/app.o
                0x0000000020000cf0                RoughCalib_Value
 .sbss.for_uart_rx_black_hole
                0x0000000020000cf2        0x1 ./src/app.o
                0x0000000020000cf2                for_uart_rx_black_hole
 .sbss.uart_rx_flag
                0x0000000020000cf3        0x1 ./src/app.o
                0x0000000020000cf3                uart_rx_flag
 .sbss.uwTick   0x0000000020000cf4        0x4 ./src/app.o
                0x0000000020000cf4                uwTick
 .sbss.enc_code
                0x0000000020000cf8        0x2 ./src/key.o
                0x0000000020000cf8                enc_code
 .sbss.func_key_cnt
                0x0000000020000cfa        0x1 ./src/key.o
                0x0000000020000cfa                func_key_cnt
 .sbss.func_key_code
                0x0000000020000cfb        0x1 ./src/key.o
                0x0000000020000cfb                func_key_code
 .sbss.func_key_fun
                0x0000000020000cfc        0x1 ./src/key.o
                0x0000000020000cfc                func_key_fun
 *fill*         0x0000000020000cfd        0x3 
 .sbss.g_enc_old_sta
                0x0000000020000d00        0x2 ./src/key.o
                0x0000000020000d00                g_enc_old_sta
 *fill*         0x0000000020000d02        0x2 
 .sbss.IRQ_STA  0x0000000020000d04        0x4 ./StdPeriphDriver/CH58x_sys.o
                0x0000000020000d04                IRQ_STA
 .sbss.__malloc_free_list
                0x0000000020000d08        0x4 c:/mounriver/mounriver_studio/toolchain/risc-v embedded gcc/bin/../lib/gcc/riscv-none-embed/8.2.0/../../../../riscv-none-embed/lib/rv32imac/ilp32\libg_nano.a(lib_a-nano-mallocr.o)
                0x0000000020000d08                __malloc_free_list
 .sbss.__malloc_sbrk_start
                0x0000000020000d0c        0x4 c:/mounriver/mounriver_studio/toolchain/risc-v embedded gcc/bin/../lib/gcc/riscv-none-embed/8.2.0/../../../../riscv-none-embed/lib/rv32imac/ilp32\libg_nano.a(lib_a-nano-mallocr.o)
                0x0000000020000d0c                __malloc_sbrk_start
 .sbss.heap_end.1518
                0x0000000020000d10        0x4 c:/mounriver/mounriver_studio/toolchain/risc-v embedded gcc/bin/../lib/gcc/riscv-none-embed/8.2.0/../../../../riscv-none-embed/lib/rv32imac/ilp32\libnosys.a(sbrk.o)
 *(.gnu.linkonce.sb.*)
 *(.bss*)
 .bss.Timer_Task_Cnt
                0x0000000020000d14       0x14 ./src/app.o
                0x0000000020000d14                Timer_Task_Cnt
 .bss.adc_buf   0x0000000020000d28      0x7d4 ./src/app.o
                0x0000000020000d28                adc_buf
 .bss.app_uart_rx_buffer
                0x00000000200014fc      0x800 ./src/app.o
                0x00000000200014fc                app_uart_rx_buffer
 .bss.app_uart_rx_fifo
                0x0000000020001cfc        0xc ./src/app.o
                0x0000000020001cfc                app_uart_rx_fifo
 .bss.app_uart_tx_buffer
                0x0000000020001d08      0x200 ./src/app.o
                0x0000000020001d08                app_uart_tx_buffer
 .bss.app_uart_tx_fifo
                0x0000000020001f08        0xc ./src/app.o
                0x0000000020001f08                app_uart_tx_fifo
 .bss.OLED_GRAM
                0x0000000020001f14     0x1000 ./src/oled.o
                0x0000000020001f14                OLED_GRAM
 .bss.oled_ctr  0x0000000020002f14       0x10 ./src/oled.o
                0x0000000020002f14                oled_ctr
 *(.gnu.linkonce.b.*)
 *(COMMON*)
 COMMON         0x0000000020002f24        0x4 c:/mounriver/mounriver_studio/toolchain/risc-v embedded gcc/bin/../lib/gcc/riscv-none-embed/8.2.0/../../../../riscv-none-embed/lib/rv32imac/ilp32\libg_nano.a(lib_a-reent.o)
                0x0000000020002f24                errno
                0x0000000020002f28                . = ALIGN (0x4)
                0x0000000020002f28                PROVIDE (_ebss = .)
                [!provide]                        PROVIDE (_end = _ebss)
                0x0000000020002f28                PROVIDE (end = .)

.stack          0x0000000020008000        0x0
                0x0000000020008000                . = ALIGN (0x4)
                0x0000000020008000                PROVIDE (_eusrstack = .)
OUTPUT(CH583_Watch.elf elf32-littleriscv)

.debug_info     0x0000000000000000     0xd04d
 .debug_info    0x0000000000000000     0x1150 ./src/Main.o
 .debug_info    0x0000000000001150     0x1f21 ./src/app.o
 .debug_info    0x0000000000003071      0x5db ./src/fifo.o
 .debug_info    0x000000000000364c      0xe0d ./src/key.o
 .debug_info    0x0000000000004459     0x2776 ./src/oled.o
 .debug_info    0x0000000000006bcf      0xfbf ./StdPeriphDriver/CH58x_adc.o
 .debug_info    0x0000000000007b8e      0xe73 ./StdPeriphDriver/CH58x_gpio.o
 .debug_info    0x0000000000008a01      0xf85 ./StdPeriphDriver/CH58x_spi0.o
 .debug_info    0x0000000000009986     0x19f1 ./StdPeriphDriver/CH58x_sys.o
 .debug_info    0x000000000000b377      0xe69 ./StdPeriphDriver/CH58x_timer1.o
 .debug_info    0x000000000000c1e0      0xe4b ./StdPeriphDriver/CH58x_uart1.o
 .debug_info    0x000000000000d02b       0x22 ./Startup/startup_CH583.o

.debug_abbrev   0x0000000000000000     0x203c
 .debug_abbrev  0x0000000000000000      0x29e ./src/Main.o
 .debug_abbrev  0x000000000000029e      0x46d ./src/app.o
 .debug_abbrev  0x000000000000070b      0x1a8 ./src/fifo.o
 .debug_abbrev  0x00000000000008b3      0x2af ./src/key.o
 .debug_abbrev  0x0000000000000b62      0x36b ./src/oled.o
 .debug_abbrev  0x0000000000000ecd      0x2cf ./StdPeriphDriver/CH58x_adc.o
 .debug_abbrev  0x000000000000119c      0x268 ./StdPeriphDriver/CH58x_gpio.o
 .debug_abbrev  0x0000000000001404      0x304 ./StdPeriphDriver/CH58x_spi0.o
 .debug_abbrev  0x0000000000001708      0x432 ./StdPeriphDriver/CH58x_sys.o
 .debug_abbrev  0x0000000000001b3a      0x246 ./StdPeriphDriver/CH58x_timer1.o
 .debug_abbrev  0x0000000000001d80      0x2aa ./StdPeriphDriver/CH58x_uart1.o
 .debug_abbrev  0x000000000000202a       0x12 ./Startup/startup_CH583.o

.debug_loc      0x0000000000000000     0x2dd5
 .debug_loc     0x0000000000000000       0x31 ./src/Main.o
 .debug_loc     0x0000000000000031      0x583 ./src/app.o
 .debug_loc     0x00000000000005b4      0x3a4 ./src/fifo.o
 .debug_loc     0x0000000000000958       0x32 ./src/key.o
 .debug_loc     0x000000000000098a     0x1401 ./src/oled.o
 .debug_loc     0x0000000000001d8b      0x211 ./StdPeriphDriver/CH58x_adc.o
 .debug_loc     0x0000000000001f9c      0x361 ./StdPeriphDriver/CH58x_gpio.o
 .debug_loc     0x00000000000022fd      0x1b6 ./StdPeriphDriver/CH58x_spi0.o
 .debug_loc     0x00000000000024b3      0x6b1 ./StdPeriphDriver/CH58x_sys.o
 .debug_loc     0x0000000000002b64       0x84 ./StdPeriphDriver/CH58x_timer1.o
 .debug_loc     0x0000000000002be8      0x1ed ./StdPeriphDriver/CH58x_uart1.o

.debug_aranges  0x0000000000000000      0x470
 .debug_aranges
                0x0000000000000000       0x30 ./src/Main.o
 .debug_aranges
                0x0000000000000030       0x60 ./src/app.o
 .debug_aranges
                0x0000000000000090       0x70 ./src/fifo.o
 .debug_aranges
                0x0000000000000100       0x30 ./src/key.o
 .debug_aranges
                0x0000000000000130       0xb8 ./src/oled.o
 .debug_aranges
                0x00000000000001e8       0x70 ./StdPeriphDriver/CH58x_adc.o
 .debug_aranges
                0x0000000000000258       0x48 ./StdPeriphDriver/CH58x_gpio.o
 .debug_aranges
                0x00000000000002a0       0x88 ./StdPeriphDriver/CH58x_spi0.o
 .debug_aranges
                0x0000000000000328       0x88 ./StdPeriphDriver/CH58x_sys.o
 .debug_aranges
                0x00000000000003b0       0x40 ./StdPeriphDriver/CH58x_timer1.o
 .debug_aranges
                0x00000000000003f0       0x50 ./StdPeriphDriver/CH58x_uart1.o
 .debug_aranges
                0x0000000000000440       0x30 ./Startup/startup_CH583.o

.debug_ranges   0x0000000000000000      0x508
 .debug_ranges  0x0000000000000000       0x20 ./src/Main.o
 .debug_ranges  0x0000000000000020       0x88 ./src/app.o
 .debug_ranges  0x00000000000000a8       0xa8 ./src/fifo.o
 .debug_ranges  0x0000000000000150       0x20 ./src/key.o
 .debug_ranges  0x0000000000000170      0x148 ./src/oled.o
 .debug_ranges  0x00000000000002b8       0x60 ./StdPeriphDriver/CH58x_adc.o
 .debug_ranges  0x0000000000000318       0x38 ./StdPeriphDriver/CH58x_gpio.o
 .debug_ranges  0x0000000000000350       0x78 ./StdPeriphDriver/CH58x_spi0.o
 .debug_ranges  0x00000000000003c8       0xa8 ./StdPeriphDriver/CH58x_sys.o
 .debug_ranges  0x0000000000000470       0x30 ./StdPeriphDriver/CH58x_timer1.o
 .debug_ranges  0x00000000000004a0       0x40 ./StdPeriphDriver/CH58x_uart1.o
 .debug_ranges  0x00000000000004e0       0x28 ./Startup/startup_CH583.o

.debug_line     0x0000000000000000     0x94f9
 .debug_line    0x0000000000000000      0x3de ./src/Main.o
 .debug_line    0x00000000000003de      0xe40 ./src/app.o
 .debug_line    0x000000000000121e      0x832 ./src/fifo.o
 .debug_line    0x0000000000001a50      0x76a ./src/key.o
 .debug_line    0x00000000000021ba     0x344b ./src/oled.o
 .debug_line    0x0000000000005605      0x882 ./StdPeriphDriver/CH58x_adc.o
 .debug_line    0x0000000000005e87      0x713 ./StdPeriphDriver/CH58x_gpio.o
 .debug_line    0x000000000000659a      0xb63 ./StdPeriphDriver/CH58x_spi0.o
 .debug_line    0x00000000000070fd     0x1929 ./StdPeriphDriver/CH58x_sys.o
 .debug_line    0x0000000000008a26      0x441 ./StdPeriphDriver/CH58x_timer1.o
 .debug_line    0x0000000000008e67      0x547 ./StdPeriphDriver/CH58x_uart1.o
 .debug_line    0x00000000000093ae      0x14b ./Startup/startup_CH583.o

.debug_str      0x0000000000000000     0x20ee
 .debug_str     0x0000000000000000      0xb47 ./src/Main.o
                                        0xbff (size before relaxing)
 .debug_str     0x0000000000000b47      0x75a ./src/app.o
                                       0x133a (size before relaxing)
 .debug_str     0x00000000000012a1      0x111 ./src/fifo.o
                                        0x419 (size before relaxing)
 .debug_str     0x00000000000013b2       0x61 ./src/key.o
                                        0x932 (size before relaxing)
 .debug_str     0x0000000000001413      0x4e9 ./src/oled.o
                                       0x100d (size before relaxing)
 .debug_str     0x00000000000018fc      0x212 ./StdPeriphDriver/CH58x_adc.o
                                        0xb18 (size before relaxing)
 .debug_str     0x0000000000001b0e       0xe9 ./StdPeriphDriver/CH58x_gpio.o
                                        0x9c1 (size before relaxing)
 .debug_str     0x0000000000001bf7      0x196 ./StdPeriphDriver/CH58x_spi0.o
                                        0xa08 (size before relaxing)
 .debug_str     0x0000000000001d8d      0x19f ./StdPeriphDriver/CH58x_sys.o
                                        0xc5a (size before relaxing)
 .debug_str     0x0000000000001f2c      0x11d ./StdPeriphDriver/CH58x_timer1.o
                                        0x9cb (size before relaxing)
 .debug_str     0x0000000000002049       0x7e ./StdPeriphDriver/CH58x_uart1.o
                                        0x966 (size before relaxing)
 .debug_str     0x00000000000020c7       0x27 ./Startup/startup_CH583.o
                                         0x48 (size before relaxing)

.comment        0x0000000000000000       0x33
 .comment       0x0000000000000000       0x33 ./src/Main.o
                                         0x34 (size before relaxing)
 .comment       0x0000000000000033       0x34 ./src/app.o
 .comment       0x0000000000000033       0x34 ./src/fifo.o
 .comment       0x0000000000000033       0x34 ./src/key.o
 .comment       0x0000000000000033       0x34 ./src/oled.o
 .comment       0x0000000000000033       0x34 ./StdPeriphDriver/CH58x_adc.o
 .comment       0x0000000000000033       0x34 ./StdPeriphDriver/CH58x_gpio.o
 .comment       0x0000000000000033       0x34 ./StdPeriphDriver/CH58x_spi0.o
 .comment       0x0000000000000033       0x34 ./StdPeriphDriver/CH58x_sys.o
 .comment       0x0000000000000033       0x34 ./StdPeriphDriver/CH58x_timer1.o
 .comment       0x0000000000000033       0x34 ./StdPeriphDriver/CH58x_uart1.o
 .comment       0x0000000000000033       0x34 ../StdPeriphDriver\libISP583.a(ISP583.o)

.debug_frame    0x0000000000000000     0x1570
 .debug_frame   0x0000000000000000       0x48 ./src/Main.o
 .debug_frame   0x0000000000000048      0x12c ./src/app.o
 .debug_frame   0x0000000000000174       0xc0 ./src/fifo.o
 .debug_frame   0x0000000000000234       0x4c ./src/key.o
 .debug_frame   0x0000000000000280      0x3a4 ./src/oled.o
 .debug_frame   0x0000000000000624       0xc0 ./StdPeriphDriver/CH58x_adc.o
 .debug_frame   0x00000000000006e4       0x70 ./StdPeriphDriver/CH58x_gpio.o
 .debug_frame   0x0000000000000754      0x110 ./StdPeriphDriver/CH58x_spi0.o
 .debug_frame   0x0000000000000864      0x114 ./StdPeriphDriver/CH58x_sys.o
 .debug_frame   0x0000000000000978       0x60 ./StdPeriphDriver/CH58x_timer1.o
 .debug_frame   0x00000000000009d8       0x9c ./StdPeriphDriver/CH58x_uart1.o
 .debug_frame   0x0000000000000a74       0x20 c:/mounriver/mounriver_studio/toolchain/risc-v embedded gcc/bin/../lib/gcc/riscv-none-embed/8.2.0/../../../../riscv-none-embed/lib/rv32imac/ilp32\libg_nano.a(lib_a-memcpy.o)
 .debug_frame   0x0000000000000a94       0x54 c:/mounriver/mounriver_studio/toolchain/risc-v embedded gcc/bin/../lib/gcc/riscv-none-embed/8.2.0/../../../../riscv-none-embed/lib/rv32imac/ilp32\libg_nano.a(lib_a-printf.o)
 .debug_frame   0x0000000000000ae8       0x54 c:/mounriver/mounriver_studio/toolchain/risc-v embedded gcc/bin/../lib/gcc/riscv-none-embed/8.2.0/../../../../riscv-none-embed/lib/rv32imac/ilp32\libg_nano.a(lib_a-puts.o)
 .debug_frame   0x0000000000000b3c       0x48 c:/mounriver/mounriver_studio/toolchain/risc-v embedded gcc/bin/../lib/gcc/riscv-none-embed/8.2.0/../../../../riscv-none-embed/lib/rv32imac/ilp32\libg_nano.a(lib_a-sprintf.o)
 .debug_frame   0x0000000000000b84       0x50 c:/mounriver/mounriver_studio/toolchain/risc-v embedded gcc/bin/../lib/gcc/riscv-none-embed/8.2.0/../../../../riscv-none-embed/lib/rv32imac/ilp32\libg_nano.a(lib_a-wbuf.o)
 .debug_frame   0x0000000000000bd4       0x3c c:/mounriver/mounriver_studio/toolchain/risc-v embedded gcc/bin/../lib/gcc/riscv-none-embed/8.2.0/../../../../riscv-none-embed/lib/rv32imac/ilp32\libg_nano.a(lib_a-wsetup.o)
 .debug_frame   0x0000000000000c10       0x7c c:/mounriver/mounriver_studio/toolchain/risc-v embedded gcc/bin/../lib/gcc/riscv-none-embed/8.2.0/../../../../riscv-none-embed/lib/rv32imac/ilp32\libg_nano.a(lib_a-fflush.o)
 .debug_frame   0x0000000000000c8c      0x148 c:/mounriver/mounriver_studio/toolchain/risc-v embedded gcc/bin/../lib/gcc/riscv-none-embed/8.2.0/../../../../riscv-none-embed/lib/rv32imac/ilp32\libg_nano.a(lib_a-findfp.o)
 .debug_frame   0x0000000000000dd4       0x88 c:/mounriver/mounriver_studio/toolchain/risc-v embedded gcc/bin/../lib/gcc/riscv-none-embed/8.2.0/../../../../riscv-none-embed/lib/rv32imac/ilp32\libg_nano.a(lib_a-fwalk.o)
 .debug_frame   0x0000000000000e5c       0x64 c:/mounriver/mounriver_studio/toolchain/risc-v embedded gcc/bin/../lib/gcc/riscv-none-embed/8.2.0/../../../../riscv-none-embed/lib/rv32imac/ilp32\libg_nano.a(lib_a-makebuf.o)
 .debug_frame   0x0000000000000ec0       0x40 c:/mounriver/mounriver_studio/toolchain/risc-v embedded gcc/bin/../lib/gcc/riscv-none-embed/8.2.0/../../../../riscv-none-embed/lib/rv32imac/ilp32\libg_nano.a(lib_a-nano-freer.o)
 .debug_frame   0x0000000000000f00       0x40 c:/mounriver/mounriver_studio/toolchain/risc-v embedded gcc/bin/../lib/gcc/riscv-none-embed/8.2.0/../../../../riscv-none-embed/lib/rv32imac/ilp32\libg_nano.a(lib_a-nano-mallocr.o)
 .debug_frame   0x0000000000000f40       0xe0 c:/mounriver/mounriver_studio/toolchain/risc-v embedded gcc/bin/../lib/gcc/riscv-none-embed/8.2.0/../../../../riscv-none-embed/lib/rv32imac/ilp32\libg_nano.a(lib_a-nano-svfprintf.o)
 .debug_frame   0x0000000000001020       0xd0 c:/mounriver/mounriver_studio/toolchain/risc-v embedded gcc/bin/../lib/gcc/riscv-none-embed/8.2.0/../../../../riscv-none-embed/lib/rv32imac/ilp32\libg_nano.a(lib_a-nano-vfprintf.o)
 .debug_frame   0x00000000000010f0       0x8c c:/mounriver/mounriver_studio/toolchain/risc-v embedded gcc/bin/../lib/gcc/riscv-none-embed/8.2.0/../../../../riscv-none-embed/lib/rv32imac/ilp32\libg_nano.a(lib_a-nano-vfprintf_i.o)
 .debug_frame   0x000000000000117c       0x30 c:/mounriver/mounriver_studio/toolchain/risc-v embedded gcc/bin/../lib/gcc/riscv-none-embed/8.2.0/../../../../riscv-none-embed/lib/rv32imac/ilp32\libg_nano.a(lib_a-sbrkr.o)
 .debug_frame   0x00000000000011ac       0xa4 c:/mounriver/mounriver_studio/toolchain/risc-v embedded gcc/bin/../lib/gcc/riscv-none-embed/8.2.0/../../../../riscv-none-embed/lib/rv32imac/ilp32\libg_nano.a(lib_a-stdio.o)
 .debug_frame   0x0000000000001250       0x30 c:/mounriver/mounriver_studio/toolchain/risc-v embedded gcc/bin/../lib/gcc/riscv-none-embed/8.2.0/../../../../riscv-none-embed/lib/rv32imac/ilp32\libg_nano.a(lib_a-writer.o)
 .debug_frame   0x0000000000001280       0x30 c:/mounriver/mounriver_studio/toolchain/risc-v embedded gcc/bin/../lib/gcc/riscv-none-embed/8.2.0/../../../../riscv-none-embed/lib/rv32imac/ilp32\libg_nano.a(lib_a-closer.o)
 .debug_frame   0x00000000000012b0       0x30 c:/mounriver/mounriver_studio/toolchain/risc-v embedded gcc/bin/../lib/gcc/riscv-none-embed/8.2.0/../../../../riscv-none-embed/lib/rv32imac/ilp32\libg_nano.a(lib_a-fstatr.o)
 .debug_frame   0x00000000000012e0       0x30 c:/mounriver/mounriver_studio/toolchain/risc-v embedded gcc/bin/../lib/gcc/riscv-none-embed/8.2.0/../../../../riscv-none-embed/lib/rv32imac/ilp32\libg_nano.a(lib_a-isattyr.o)
 .debug_frame   0x0000000000001310       0x30 c:/mounriver/mounriver_studio/toolchain/risc-v embedded gcc/bin/../lib/gcc/riscv-none-embed/8.2.0/../../../../riscv-none-embed/lib/rv32imac/ilp32\libg_nano.a(lib_a-lseekr.o)
 .debug_frame   0x0000000000001340       0x20 c:/mounriver/mounriver_studio/toolchain/risc-v embedded gcc/bin/../lib/gcc/riscv-none-embed/8.2.0/../../../../riscv-none-embed/lib/rv32imac/ilp32\libg_nano.a(lib_a-memchr.o)
 .debug_frame   0x0000000000001360       0x20 c:/mounriver/mounriver_studio/toolchain/risc-v embedded gcc/bin/../lib/gcc/riscv-none-embed/8.2.0/../../../../riscv-none-embed/lib/rv32imac/ilp32\libg_nano.a(lib_a-memmove.o)
 .debug_frame   0x0000000000001380       0x30 c:/mounriver/mounriver_studio/toolchain/risc-v embedded gcc/bin/../lib/gcc/riscv-none-embed/8.2.0/../../../../riscv-none-embed/lib/rv32imac/ilp32\libg_nano.a(lib_a-mlock.o)
 .debug_frame   0x00000000000013b0       0x40 c:/mounriver/mounriver_studio/toolchain/risc-v embedded gcc/bin/../lib/gcc/riscv-none-embed/8.2.0/../../../../riscv-none-embed/lib/rv32imac/ilp32\libg_nano.a(lib_a-nano-reallocr.o)
 .debug_frame   0x00000000000013f0       0x30 c:/mounriver/mounriver_studio/toolchain/risc-v embedded gcc/bin/../lib/gcc/riscv-none-embed/8.2.0/../../../../riscv-none-embed/lib/rv32imac/ilp32\libg_nano.a(lib_a-readr.o)
 .debug_frame   0x0000000000001420       0x70 c:/mounriver/mounriver_studio/toolchain/risc-v embedded gcc/bin/../lib/gcc/riscv-none-embed/8.2.0/../../../../riscv-none-embed/lib/rv32imac/ilp32\libg_nano.a(lib_a-reent.o)
 .debug_frame   0x0000000000001490       0x20 c:/mounriver/mounriver_studio/toolchain/risc-v embedded gcc/bin/../lib/gcc/riscv-none-embed/8.2.0/../../../../riscv-none-embed/lib/rv32imac/ilp32\libg_nano.a(lib_a-nano-msizer.o)
 .debug_frame   0x00000000000014b0       0x20 c:/mounriver/mounriver_studio/toolchain/risc-v embedded gcc/bin/../lib/gcc/riscv-none-embed/8.2.0/../../../../riscv-none-embed/lib/rv32imac/ilp32\libnosys.a(close.o)
 .debug_frame   0x00000000000014d0       0x20 c:/mounriver/mounriver_studio/toolchain/risc-v embedded gcc/bin/../lib/gcc/riscv-none-embed/8.2.0/../../../../riscv-none-embed/lib/rv32imac/ilp32\libnosys.a(fstat.o)
 .debug_frame   0x00000000000014f0       0x20 c:/mounriver/mounriver_studio/toolchain/risc-v embedded gcc/bin/../lib/gcc/riscv-none-embed/8.2.0/../../../../riscv-none-embed/lib/rv32imac/ilp32\libnosys.a(isatty.o)
 .debug_frame   0x0000000000001510       0x20 c:/mounriver/mounriver_studio/toolchain/risc-v embedded gcc/bin/../lib/gcc/riscv-none-embed/8.2.0/../../../../riscv-none-embed/lib/rv32imac/ilp32\libnosys.a(lseek.o)
 .debug_frame   0x0000000000001530       0x20 c:/mounriver/mounriver_studio/toolchain/risc-v embedded gcc/bin/../lib/gcc/riscv-none-embed/8.2.0/../../../../riscv-none-embed/lib/rv32imac/ilp32\libnosys.a(read.o)
 .debug_frame   0x0000000000001550       0x20 c:/mounriver/mounriver_studio/toolchain/risc-v embedded gcc/bin/../lib/gcc/riscv-none-embed/8.2.0/../../../../riscv-none-embed/lib/rv32imac/ilp32\libnosys.a(sbrk.o)

.stab           0x0000000000000000       0x84
 .stab          0x0000000000000000       0x24 c:/mounriver/mounriver_studio/toolchain/risc-v embedded gcc/bin/../lib/gcc/riscv-none-embed/8.2.0/../../../../riscv-none-embed/lib/rv32imac/ilp32\libnosys.a(close.o)
 .stab          0x0000000000000024       0x18 c:/mounriver/mounriver_studio/toolchain/risc-v embedded gcc/bin/../lib/gcc/riscv-none-embed/8.2.0/../../../../riscv-none-embed/lib/rv32imac/ilp32\libnosys.a(fstat.o)
                                         0x24 (size before relaxing)
 .stab          0x000000000000003c       0x18 c:/mounriver/mounriver_studio/toolchain/risc-v embedded gcc/bin/../lib/gcc/riscv-none-embed/8.2.0/../../../../riscv-none-embed/lib/rv32imac/ilp32\libnosys.a(isatty.o)
                                         0x24 (size before relaxing)
 .stab          0x0000000000000054       0x18 c:/mounriver/mounriver_studio/toolchain/risc-v embedded gcc/bin/../lib/gcc/riscv-none-embed/8.2.0/../../../../riscv-none-embed/lib/rv32imac/ilp32\libnosys.a(lseek.o)
                                         0x24 (size before relaxing)
 .stab          0x000000000000006c       0x18 c:/mounriver/mounriver_studio/toolchain/risc-v embedded gcc/bin/../lib/gcc/riscv-none-embed/8.2.0/../../../../riscv-none-embed/lib/rv32imac/ilp32\libnosys.a(read.o)
                                         0x24 (size before relaxing)

.stabstr        0x0000000000000000      0x117
 .stabstr       0x0000000000000000      0x117 c:/mounriver/mounriver_studio/toolchain/risc-v embedded gcc/bin/../lib/gcc/riscv-none-embed/8.2.0/../../../../riscv-none-embed/lib/rv32imac/ilp32\libnosys.a(close.o)
